<html>
<body>
<pre>
<h1>µVision Build Log</h1>
<h2>Tool Versions:</h2>
IDE-Version: •ÏVision V5.40.0.0
Copyright (C) 2024 ARM Ltd and ARM Germany GmbH. All rights reserved.
License Information: park jongyoung, epicgram, LIC=----
 
Tool Versions:
Toolchain:       MDK-Lite  Version: 5.40.0.3
Toolchain Path:  C:\Keil_v5\ARM\arm_compile_ver_5.0\Bin
C Compiler:      Armcc.exe V5.06 update 7 (build 960)
Assembler:       Armasm.exe V5.06 update 7 (build 960)
Linker/Locator:  ArmLink.exe V5.06 update 7 (build 960)
Library Manager: ArmAr.exe V5.06 update 7 (build 960)
Hex Converter:   FromElf.exe V5.06 update 7 (build 960)
CPU DLL:         SARMCM3.DLL V5.40.0.3
Dialog DLL:      DCM.DLL V1.17.5.0
Target DLL:      STLink\ST-LINKIII-KEIL_SWO.dll V3.3.0.0
Dialog DLL:      TCM.DLL V1.56.4.0
 
<h2>Project:</h2>
C:\Users\compro\Desktop\STM32-UWB_20250103\bphero_uwb_location_sourcecode\BPHero_UWB_Location_SourceCode_V1.1_16MHz\Project\ds_twr_init\MDK-ARM\Project.uvprojx
Project File Date:  01/07/2025

<h2>Output:</h2>
*** Using Compiler 'V5.06 update 7 (build 960)', folder: 'C:\Keil_v5\ARM\arm_compile_ver_5.0\Bin'
Build target 'ds_twr_init'
compiling stm32f10x_it.c...
compiling stm32f10x_gpio.c...
compiling stm32f10x_rcc.c...
compiling misc.c...
compiling main.c...
..\main.c(235): warning:  #177-D: variable "buff"  was declared but never referenced
      uint8 buff[5];
..\main.c(237): warning:  #550-D: variable "cnt"  was set but never used
      int cnt ;
..\main.c(379): warning:  #177-D: variable "final_distance"  was declared but never referenced
      float final_distance = 0;
..\main.c(610): warning:  #177-D: variable "anthor_index"  was declared but never referenced
      uint8 anthor_index = 0;
..\main.c(685): warning:  #177-D: variable "rx_ant_delay"  was declared but never referenced
      int rx_ant_delay =32880;
..\main.c(686): warning:  #177-D: variable "index"  was declared but never referenced
      int index = 0 ;
..\main.c(1268): warning:  #167-D: argument of type "float (*)[2]" is incompatible with parameter of type "const float (*)[2]"
      matrix_2x2_inverse(S, S_inv);
..\main.c(1499): warning:  #167-D: argument of type "char *" is incompatible with parameter of type "uint8_t *"
      USART_puts((char*)coord_str, len);
..\main.c(1447): warning:  #177-D: variable "dist_str0"  was declared but never referenced
      char dist_str0[16], dist_str1[16], dist_str2[16];
..\main.c(1447): warning:  #177-D: variable "dist_str1"  was declared but never referenced
      char dist_str0[16], dist_str1[16], dist_str2[16];
..\main.c(1447): warning:  #177-D: variable "dist_str2"  was declared but never referenced
      char dist_str0[16], dist_str1[16], dist_str2[16];
..\main.c(100): warning:  #177-D: variable "rx_poll_msg"  was declared but never referenced
  static uint8 rx_poll_msg[] =  {0x41, 0x88, 0, 0x0, 0xDE, 'W', 'A', 'V', 'E', 0x21, 0, 0};
..\main.c(101): warning:  #177-D: variable "tx_resp_msg"  was declared but never referenced
  static uint8 tx_resp_msg[] =  {0x41, 0x88, 0, 0x0, 0xDE, 'V', 'E', 'W', 'A', 0x10, 0x02, 0, 0, 0, 0};
..\main.c(102): warning:  #177-D: variable "rx_final_msg"  was declared but never referenced
  static uint8 rx_final_msg[] = {0x41, 0x88, 0, 0x0, 0xDE, 'W', 'A', 'V', 'E', 0x23, 0, 0, 0, 0, 0, 0, 0, 0, 0, 0, 0, 0, 0, 0};
..\main.c(131): warning:  #177-D: variable "frame_seq_nb_semaphore"  was declared but never referenced
  static uint8 frame_seq_nb_semaphore = 0;
..\main.c(170): warning:  #177-D: variable "poll_rx_ts"  was declared but never referenced
  static uint64 poll_rx_ts;
..\main.c(171): warning:  #177-D: variable "resp_tx_ts"  was declared but never referenced
  static uint64 resp_tx_ts;
..\main.c(172): warning:  #177-D: variable "final_rx_ts"  was declared but never referenced
  static uint64 final_rx_ts;
..\main.c(184): warning:  #177-D: variable "tof"  was declared but never referenced
  static double tof;
..\main.c(185): warning:  #177-D: variable "distance"  was declared but never referenced
  static double distance;
..\main.c(1697): warning:  #177-D: function "final_msg_get_ts"  was declared but never referenced
  static void final_msg_get_ts(const uint8 *ts_field, uint32 *ts)
..\main.c(1534): warning:  #177-D: function "compute_angle_send_to_anthor0"  was declared but never referenced
  static void compute_angle_send_to_anthor0(int distance1, int distance2,int distance3)
..\main.c: 22 warnings, 0 errors
compiling stm32f10x_exti.c...
compiling stm32f10x_spi.c...
compiling stm32f10x_usart.c...
compiling stm32f10x_fsmc.c...
compiling stm32f10x_sdio.c...
compiling stm32f10x_dma.c...
compiling stm32f10x_i2c.c...
compiling stm32f10x_adc.c...
compiling stm32f10x_bkp.c...
compiling stm32f10x_dac.c...
compiling stm32f10x_can.c...
compiling stm32f10x_cec.c...
compiling stm32f10x_crc.c...
compiling stm32f10x_dbgmcu.c...
compiling stm32f10x_pwr.c...
compiling stm32f10x_rtc.c...
compiling stm32f10x_flash.c...
compiling stm32f10x_iwdg.c...
compiling stm32f10x_wwdg.c...
compiling stm32_eval.c...
compiling stm32f10x_tim.c...
compiling core_cm3.c...
compiling system_stm32f10x.c...
compiling stm32_eval_spi_flash.c...
compiling stm32_eval_i2c_tsensor.c...
compiling stm3210e_eval_fsmc_sram.c...
compiling stm32_eval_sdio_sd.c...
compiling stm3210e_eval_lcd.c...
assembling startup_stm32f10x_hd.s...
compiling stm3210e_eval_fsmc_nand.c...
compiling stm3210e_eval_fsmc_nor.c...
compiling deca_mutex.c...
compiling deca_spi.c...
compiling deca_sleep.c...
compiling deca_params_init.c...
compiling lcd.c...
compiling lcd_oled.c...
compiling port.c...
..\platform\port.c(851): warning:  #223-D: function "putchar" declared implicitly
          putchar(s[i]);
..\platform\port.c: 1 warning, 0 errors
compiling deca_range_tables.c...
compiling deca_device.c...
..\decadriver\deca_device.c(1034): warning:  #68-D: integer conversion resulted in a change of sign
      uint32  regval = DWT_ERROR ;
..\decadriver\deca_device.c(1066): warning:  #68-D: integer conversion resulted in a change of sign
      uint16  regval = DWT_ERROR ;
..\decadriver\deca_device.c(1380): warning:  #68-D: integer conversion resulted in a change of sign
          return DWT_ERROR;
..\decadriver\deca_device.c(1514): warning:  #68-D: integer conversion resulted in a change of sign
          return DWT_ERROR;
..\decadriver\deca_device.c: 4 warnings, 0 errors
compiling kalman.c...
compiling AT24C02.c...
..\at24c16\AT24C02.c(341): warning:  #1-D: last line of file ends without a newline
  }
..\at24c16\AT24C02.c: 1 warning, 0 errors
compiling matrix.c...
compiling trilateration.c...
..\trilateration\trilateration.c(534): warning:  #550-D: variable "solution_compare2"  was set but never used
      vec3d   solution_compare1, solution_compare2;
..\trilateration\trilateration.c(817): warning:  #223-D: function "printf" declared implicitly
      printf("TAG LOC:x = %f,y = %f\r\n",x0,y0);
..\trilateration\trilateration.c(762): warning:  #550-D: parameter "use4thAnchor"  was set but never used
  int GetLocation2(vec3d * best_solution,int use4thAnchor,vec3d * anchorArray,int * distanceArray)
..\trilateration\trilateration.c(943): warning:  #223-D: function "abs" declared implicitly
          if (abs(points_AC_0 - circles[2].r) < abs(points_AC_1 - circles[2].r))//cross_point[0]
..\trilateration\trilateration.c(1049): warning:  #223-D: function "printf" declared implicitly
      printf("TAG LOC My:x = %3.2f,y = %3.2f\r\n",P_1,P_2);
..\trilateration\trilateration.c(969): warning:  #550-D: variable "Location"  was set but never used
      struct  point_t points[1],Location[1];;
..\trilateration\trilateration.c(1086): warning:  #223-D: function "printf" declared implicitly
  	printf("TAG LOC My1:x = %3.2f,y = %3.2f\r\n",resultPose.x,resultPose.y);
..\trilateration\trilateration.c: 7 warnings, 0 errors
linking...
Program Size: Code=12816 RO-data=2200 RW-data=776 ZI-data=1968  
FromELF: creating hex file...
".\STM3210E-EVAL\epic_tag0.axf" - 0 Error(s), 35 Warning(s).

<h2>Software Packages used:</h2>

Package Vendor: ARM
                https://www.keil.com/pack/ARM.CMSIS.6.1.0.pack
                ARM::CMSIS@6.1.0
                CMSIS (Common Microcontroller Software Interface Standard)
   * Component: CORE Version: 6.1.0

Package Vendor: Keil
                https://www.keil.com/pack/Keil.STM32F1xx_DFP.2.4.1.pack
                Keil::STM32F1xx_DFP@2.4.1
                STMicroelectronics STM32F1 Series Device Support, Drivers and Examples

<h2>Collection of Component include folders:</h2>
  ./RTE/_ds_twr_init
  C:/Users/compro/AppData/Local/Arm/Packs/ARM/CMSIS/6.1.0/CMSIS/Core/Include
  C:/Users/compro/AppData/Local/Arm/Packs/Keil/STM32F1xx_DFP/2.4.1/Device/Include

<h2>Collection of Component Files used:</h2>

   * Component: ARM::CMSIS:CORE@6.1.0
Build Time Elapsed:  00:00:06
</pre>
</body>
</html>
