<html>
<body>
<pre>
<h1>µVision Build Log</h1>
<h2>Tool Versions:</h2>
IDE-Version: •ÏVision V5.41.0.0
Copyright (C) 2024 ARM Ltd and ARM Germany GmbH. All rights reserved.
License Information: park jongyoung, epic, LIC=----
 
Tool Versions:
Toolchain:       MDK-Lite  Version: 5.41.0.0
Toolchain Path:  C:\Keil_v5\ARM\ARM_Compiler_5.06u7\Bin
C Compiler:      Armcc.exe V5.06 update 7 (build 960)
Assembler:       Armasm.exe V5.06 update 7 (build 960)
Linker/Locator:  ArmLink.exe V5.06 update 7 (build 960)
Library Manager: ArmAr.exe V5.06 update 7 (build 960)
Hex Converter:   FromElf.exe V5.06 update 7 (build 960)
CPU DLL:         SARMCM3.DLL V5.41.0.0
Dialog DLL:      DCM.DLL V1.17.5.0
Target DLL:      STLink\ST-LINKIII-KEIL_SWO.dll V3.3.0.0
Dialog DLL:      TCM.DLL V1.56.4.0
 
<h2>Project:</h2>
C:\Users\led\Desktop\STM32-UWB\bphero_uwb_location_sourcecode\BPHero_UWB_Location_SourceCode_V1.1_16MHz\Project\ds_twr_init\MDK-ARM\Project.uvprojx
Project File Date:  12/20/2024

<h2>Output:</h2>
*** Using Compiler 'V5.06 update 7 (build 960)', folder: 'C:\Keil_v5\ARM\ARM_Compiler_5.06u7\Bin'
Build target 'ds_twr_init'
compiling main.c...
..\main.c(218): warning:  #177-D: variable "buff"  was declared but never referenced
      uint8 buff[5];
..\main.c(220): warning:  #550-D: variable "cnt"  was set but never used
      int cnt ;
..\main.c(354): warning:  #177-D: variable "final_distance"  was declared but never referenced
      float final_distance = 0;
..\main.c(527): warning:  #177-D: variable "Semaphore_Enable"  was declared but never referenced
      uint8 Semaphore_Enable = 0 ;
..\main.c(528): warning:  #177-D: variable "Waiting_TAG_Release_Semaphore"  was declared but never referenced
      uint8 Waiting_TAG_Release_Semaphore = 0;
..\main.c(578): warning:  #177-D: variable "rx_ant_delay"  was declared but never referenced
      int rx_ant_delay =32880;
..\main.c(579): warning:  #177-D: variable "index"  was declared but never referenced
      int index = 0 ;
..\main.c(1107): warning:  #167-D: argument of type "char *" is incompatible with parameter of type "uint8_t *"
          OLED_ShowString(0, 2,dist_str);
..\main.c(1115): warning:  #167-D: argument of type "char *" is incompatible with parameter of type "uint8_t *"
          OLED_ShowString(0, 4,dist_str);
..\main.c(1123): warning:  #167-D: argument of type "char *" is incompatible with parameter of type "uint8_t *"
          OLED_ShowString(0, 6,dist_str);
..\main.c(91): warning:  #177-D: variable "Semaphore_Release"  was declared but never referenced
  static uint8 Semaphore_Release[] =    {0x41, 0x88, 0, 0x0, 0xDE, 'W', 'A', 'V', 'E', 0xE0, 0, 0, 0};
..\main.c(92): warning:  #177-D: variable "Tag_Statistics"  was declared but never referenced
  static uint8 Tag_Statistics[] =                      {0x41, 0x88, 0, 0x0, 0xDE, 'W', 'A', 'V', 'E', 0xE1, 0, 0, 0};
..\main.c(93): warning:  #177-D: variable "Master_Release_Semaphore"  was declared but never referenced
  static uint8 Master_Release_Semaphore[] =            {0x41, 0x88, 0, 0x0, 0xDE, 'W', 'A', 'V', 'E', 0xE2, 0, 0, 0};
..\main.c(94): warning:  #177-D: variable "Tag_Statistics_response"  was declared but never referenced
  static uint8 Tag_Statistics_response[] =             {0x41, 0x88, 0, 0x0, 0xDE, 'W', 'A', 'V', 'E', 0xE3, 0, 0, 0};
..\main.c(95): warning:  #177-D: variable "Master_Release_Semaphore_comfirm"  was declared but never referenced
  static uint8 Master_Release_Semaphore_comfirm[] =    {0x41, 0x88, 0, 0x0, 0xDE, 'W', 'A', 'V', 'E', 0xE4, 0, 0, 0};
..\main.c(114): warning:  #177-D: variable "frame_seq_nb_semaphore"  was declared but never referenced
  static uint8 frame_seq_nb_semaphore = 0;
..\main.c: 16 warnings, 0 errors
linking...
Program Size: Code=11952 RO-data=2720 RW-data=816 ZI-data=1872  
FromELF: creating hex file...
".\STM3210E-EVAL\epic_anchor.axf" - 0 Error(s), 16 Warning(s).

<h2>Software Packages used:</h2>

Package Vendor: ARM
                https://www.keil.com/pack/ARM.CMSIS.6.1.0.pack
                ARM::CMSIS@6.1.0
                CMSIS (Common Microcontroller Software Interface Standard)
   * Component: CORE Version: 6.1.0

Package Vendor: Keil
                https://www.keil.com/pack/Keil.STM32F1xx_DFP.2.4.1.pack
                Keil::STM32F1xx_DFP@2.4.1
                STMicroelectronics STM32F1 Series Device Support, Drivers and Examples

<h2>Collection of Component include folders:</h2>
  ./RTE/_ds_twr_init
  C:/Users/led/AppData/Local/Arm/Packs/ARM/CMSIS/6.1.0/CMSIS/Core/Include
  C:/Users/led/AppData/Local/Arm/Packs/Keil/STM32F1xx_DFP/2.4.1/Device/Include

<h2>Collection of Component Files used:</h2>

   * Component: ARM::CMSIS:CORE@6.1.0
Build Time Elapsed:  00:00:02
</pre>
</body>
</html>
